[preview.colorlib.com/theme/explore/index.html]
[backblue.gif]
[fade.gif]
[index.html]
[preview.colorlib.com/theme/explore/css/open-iconic-bootstrap.min.css]
[preview.colorlib.com/theme/explore/css/animate.css]
[preview.colorlib.com/theme/explore/css/owl.theme.default.min.css]
[preview.colorlib.com/theme/explore/css/magnific-popup.css]
[preview.colorlib.com/theme/explore/css/aos.css]
[preview.colorlib.com/theme/explore/css/owl.carousel.min.css]
[preview.colorlib.com/theme/explore/css/ionicons.min.css]
[preview.colorlib.com/theme/explore/css/bootstrap-datepicker.css]
[preview.colorlib.com/theme/explore/css/flaticon.css]
[preview.colorlib.com/theme/explore/css/icomoon.css]
[preview.colorlib.com/theme/explore/css/style.css]
[preview.colorlib.com/theme/explore/index-2.html]
[preview.colorlib.com/theme/explore/index2.html]
[preview.colorlib.com/theme/explore/index3.html]
[preview.colorlib.com/theme/explore/post-right-sidebar.html]
[preview.colorlib.com/theme/explore/post-left-sidebar.html]
[preview.colorlib.com/theme/explore/post-no-sidebar.html]
[preview.colorlib.com/theme/explore/destination.html]
[preview.colorlib.com/theme/explore/tag.html]
[preview.colorlib.com/theme/explore/author-post.html]
[preview.colorlib.com/theme/explore/right-sidebar.html]
[preview.colorlib.com/theme/explore/left-sidebar.html]
[preview.colorlib.com/theme/explore/author.html]
[preview.colorlib.com/theme/explore/contact.html]
[preview.colorlib.com/theme/explore/images/person_1.jpg]
[preview.colorlib.com/theme/explore/images/bg_1.jpg]
[preview.colorlib.com/theme/explore/images/person_2.jpg]
[preview.colorlib.com/theme/explore/images/bg_2.jpg]
[preview.colorlib.com/theme/explore/images/image_1.jpg]
[preview.colorlib.com/theme/explore/images/image_2.jpg]
[preview.colorlib.com/theme/explore/images/image_3.jpg]
[preview.colorlib.com/theme/explore/images/image_4.jpg]
[preview.colorlib.com/theme/explore/images/image_5.jpg]
[preview.colorlib.com/cdn-cgi/scripts/5c5dd728/cloudflare-static/email-decode.min.js]
[preview.colorlib.com/theme/explore/js/jquery-migrate-3.0.1.min.js]
[preview.colorlib.com/theme/explore/js/jquery.min.js]
[preview.colorlib.com/theme/explore/js/popper.min.js]
[preview.colorlib.com/theme/explore/js/bootstrap.min.js]
[preview.colorlib.com/theme/explore/js/jquery.easing.1.3.js]
[preview.colorlib.com/theme/explore/js/jquery.waypoints.min.js]
[preview.colorlib.com/theme/explore/js/jquery.stellar.min.js]
[preview.colorlib.com/theme/explore/js/owl.carousel.min.js]
[preview.colorlib.com/theme/explore/js/jquery.magnific-popup.min.js]
[preview.colorlib.com/theme/explore/js/aos.js]
[preview.colorlib.com/theme/explore/js/jquery.animateNumber.min.js]
[preview.colorlib.com/theme/explore/js/bootstrap-datepicker.js]
[preview.colorlib.com/theme/explore/js/jquery.timepicker.min.js]
[preview.colorlib.com/theme/explore/js/scrollax.min.js]
[preview.colorlib.com/theme/explore/js/google-map.js]
[preview.colorlib.com/theme/explore/index.html]
[preview.colorlib.com/theme/explore/js/main.js]
[preview.colorlib.com/theme/explore/fonts/open-iconic/open-iconic.eot]
[preview.colorlib.com/theme/explore/fonts/open-iconic/open-iconicd41d.eot]
[preview.colorlib.com/theme/explore/fonts/open-iconic/open-iconic.woff]
[preview.colorlib.com/theme/explore/fonts/open-iconic/open-iconic.ttf]
[preview.colorlib.com/theme/explore/fonts/open-iconic/open-iconic.otf]
[preview.colorlib.com/theme/explore/css/open-iconic-bootstrap.min.css]
[preview.colorlib.com/theme/explore/css/animate.css]
[preview.colorlib.com/theme/explore/fonts/open-iconic/open-iconic.svg]
[preview.colorlib.com/theme/explore/css/owl.video.play.png]
[preview.colorlib.com/theme/explore/css/owl.carousel.min.css]
[preview.colorlib.com/theme/explore/css/owl.theme.default.min.css]
[preview.colorlib.com/theme/explore/css/magnific-popup.css]
[preview.colorlib.com/theme/explore/css/aos.css]
[preview.colorlib.com/theme/explore/fonts/ionicons/fonts/ionicons580c.eot]
[preview.colorlib.com/theme/explore/fonts/ionicons/fonts/ionicons580c.woff2]
[preview.colorlib.com/theme/explore/fonts/ionicons/fonts/ionicons580c.woff]
[preview.colorlib.com/theme/explore/fonts/ionicons/fonts/ionicons580c.ttf]
[preview.colorlib.com/theme/explore/css/ionicons.min.css]
[preview.colorlib.com/theme/explore/css/bootstrap-datepicker.css]
[preview.colorlib.com/theme/explore/css/jquery.timepicker.css]
[preview.colorlib.com/theme/explore/fonts/flaticon/font/Flaticon.eot]
[preview.colorlib.com/theme/explore/fonts/ionicons/fonts/ionicons580c.svg]
[preview.colorlib.com/theme/explore/fonts/flaticon/font/Flaticond41d.eot]
[preview.colorlib.com/theme/explore/fonts/flaticon/font/Flaticon.woff]
[preview.colorlib.com/theme/explore/fonts/flaticon/font/Flaticon.ttf]
[preview.colorlib.com/theme/explore/css/flaticon.css]
[preview.colorlib.com/theme/explore/fonts/flaticon/font/Flaticon.svg]
[preview.colorlib.com/theme/explore/fonts/icomoon/icomoonccfb.eot]
[preview.colorlib.com/theme/explore/fonts/icomoon/icomoonccfb.woff]
[preview.colorlib.com/theme/explore/fonts/icomoon/icomoonccfb.ttf]
[preview.colorlib.com/theme/explore/css/icomoon.css]
[preview.colorlib.com/theme/explore/css/style.css]
[preview.colorlib.com/cdn-cgi/zaraz/sd0d9.js]
[preview.colorlib.com/theme/explore/index-2.html]
[preview.colorlib.com/theme/explore/images/bg_4.jpg]
[preview.colorlib.com/theme/explore/images/bg_5.jpg]
[preview.colorlib.com/theme/explore/images/bg_3.jpg]
[preview.colorlib.com/theme/explore/images/bg_6.jpg]
[preview.colorlib.com/theme/explore/fonts/icomoon/icomoonccfb.svg]
[preview.colorlib.com/theme/explore/images/person_3.jpg]
[preview.colorlib.com/theme/explore/images/image_6.jpg]
[preview.colorlib.com/theme/explore/index2.html]
[preview.colorlib.com/theme/explore/index3.html]
[preview.colorlib.com/theme/explore/post-right-sidebar.html]
[preview.colorlib.com/theme/explore/post-left-sidebar.html]
[preview.colorlib.com/theme/explore/post-no-sidebar.html]
[preview.colorlib.com/theme/explore/destination.html]
[preview.colorlib.com/theme/explore/tag.html]
[preview.colorlib.com/theme/explore/author-post.html]
[preview.colorlib.com/theme/explore/right-sidebar.html]
[preview.colorlib.com/theme/explore/left-sidebar.html]
[preview.colorlib.com/theme/explore/images/person_4.jpg]
[preview.colorlib.com/theme/explore/author.html]
[preview.colorlib.com/theme/explore/contact.html]
[preview.colorlib.com/theme/explore/js/jquery.timepicker.min.html]
[preview.colorlib.com/theme/explore/fonts/open-iconic/open-iconic.svg]
[preview.colorlib.com/theme/explore/css/owl.video.play.html]
[preview.colorlib.com/theme/explore/fonts/ionicons/fonts/ionicons580c.svg]
[preview.colorlib.com/theme/explore/fonts/flaticon/font/Flaticon.svg]
[preview.colorlib.com/theme/explore/fonts/icomoon/icomoonccfb.svg]
